// Jest Snapshot v1, https://goo.gl/fbAQLP

exports[`HistoryList component renders HistoryList component 1`] = `
<DocumentFragment>
  <ul>
    <li>
      <section>
        <h2>
          GET
        </h2>
        <p>
          https://anapioficeandfire.com/api/characters/583
        </p>
        <p>
          This is the body
        </p>
      </section>
    </li>
  </ul>
</DocumentFragment>
`;
